╭──────────────────────────────────────────────────────────────────────────────────────────────────────────────────────────────────────────────────────────────╮
│  api                                          ╭─────────────────────────────────────────────────────╮╭─────────────────────────────────────────────────────╮ │
│ ╭──────────────────────────────────────────╮  │ getUser                                            ││query getUser {                                      │ │
│ │ [1] Search: get                          │  │                                                     ││  getUser                                            │ │
│ ╰──────────────────────────────────────────╯  │                                                     ││}                                                    │ │
│ q: queries | m: mutations | s: subscriptions  │                                                     ││                                                     │ │
│ 1/1 operations                                │                                                     ││                                                     │ │
│  query                                        │                                                     ││                                                     │ │
│  getUser                                     │                                                     ││                                                     │ │
│       fetch user                              │                                                     ││                                                     │ │
│       http://api/gql                          │                                                     ││                                                     │ │
│                                               │                                                     ││                                                     │ │
│                                               │                                                     ││                                                     │ │
│                                               │Form                                              [2]││Query                                             [3]│ │
│                                               ╰─────────────────────────────────────────────────────╯╰─────────────────────────────────────────────────────╯ │
│                                               ╭─────────────────────────────────────────────────────╮╭─────────────────────────────────────────────────────╮ │
│                                               │                                                     ││                                                     │ │
│                                               │                                                     ││                                                     │ │
│                                               │                                                     ││                                                     │ │
│                                               │                                                     ││                                                     │ │
│                                               │                                                     ││                                                     │ │
│                                               │                                                     ││                                                     │ │
│                                               │                                                     ││                                                     │ │
│                                               │                                                     ││                                                     │ │
│                                               │                                                     ││                                                     │ │
│                                               │                                                     ││                                                     │ │
│                                               │                                                     ││                                                     │ │
│                                               │                                                     ││                                                     │ │
│                                               │                                                     ││Variables                                         [4]│ │
│                                               │                                                     │╰─────────────────────────────────────────────────────╯ │
│                                               │                                                     │                                                        │
│                                               │                                                     │                        Actions                         │
│                                               │                                                     │                Refresh         ctrl+r                  │
│                                               │                                                     │                Send            ctrl+o                  │
│                                               │                                                     │                Save Query      ctrl+q                  │
│                                               │                                                     │                Save Request    ctrl+x                  │
│                                               │Response                                          [5]│                                                        │
│                                               ╰─────────────────────────────────────────────────────╯                                                        │
│                               Navigate: ↑↓ Ctrl+n/p | Enter: detail | Tab/Shift+Tab: switch | Ctrl+y: copy | Esc: unfocus/quit                               │
╰──────────────────────────────────────────────────────────────────────────────────────────────────────────────────────────────────────────────────────────────╯