╭──────────────────────────────────────────────────────────────────────────────────────────────────────────────────────────────────────────────────────────────╮
│  api                                          ╭─────────────────────────────────────────────────────╮╭─────────────────────────────────────────────────────╮ │
│ ╭──────────────────────────────────────────╮  │ listUsers                                          ││query listUsers {                                    │ │
│ │ [1] Search: filter operations...         │  │                                                     ││  listUsers                                          │ │
│ ╰──────────────────────────────────────────╯  │                                                     ││}                                                    │ │
│ q: queries | m: mutations | s: subscriptions  │                                                     ││                                                     │ │
│ 2/5 operations                                │                                                     ││                                                     │ │
│  query                                        │                                                     ││                                                     │ │
│     getUser                                   │                                                     ││                                                     │ │
│  listUsers                                   │                                                     ││                                                     │ │
│       http://api/gql                          │                                                     ││                                                     │ │
│                                               │                                                     ││                                                     │ │
│  mutation                                     │                                                     ││                                                     │ │
│     createUser                                │Form                                              [2]││Query                                             [3]│ │
│     deleteUser                                ╰─────────────────────────────────────────────────────╯╰─────────────────────────────────────────────────────╯ │
│                                               ╭─────────────────────────────────────────────────────╮╭─────────────────────────────────────────────────────╮ │
│  subscription                                 │                                                     ││                                                     │ │
│     onMessage                                 │                                                     ││                                                     │ │
│                                               │                                                     ││                                                     │ │
│                                               │                                                     ││                                                     │ │
│                                               │                                                     ││                                                     │ │
│                                               │                                                     ││                                                     │ │
│                                               │                                                     ││                                                     │ │
│                                               │                                                     ││                                                     │ │
│                                               │                                                     ││                                                     │ │
│                                               │                                                     ││                                                     │ │
│                                               │                                                     ││                                                     │ │
│                                               │                                                     ││                                                     │ │
│                                               │                                                     ││Variables                                         [4]│ │
│                                               │                                                     │╰─────────────────────────────────────────────────────╯ │
│                                               │                                                     │                                                        │
│                                               │                                                     │                        Actions                         │
│                                               │                                                     │                Refresh         ctrl+r                  │
│                                               │                                                     │                Send            ctrl+g                  │
│                                               │                                                     │                Save Query      ctrl+q                  │
│                                               │                                                     │                Save Request    ctrl+h                  │
│                                               │Response                                          [5]│                                                        │
│                                               ╰─────────────────────────────────────────────────────╯                                                        │
│                               Navigate: ↑↓ Ctrl+n/p | Enter: detail | Tab/Shift+Tab: switch | Ctrl+y: copy | Esc: unfocus/quit                               │
╰──────────────────────────────────────────────────────────────────────────────────────────────────────────────────────────────────────────────────────────────╯