╭──────────────────────────────────────────────────────────────────────────────────────────────────────────────────────────────────────────────────────────────╮
│  api                                          ╔═════════════════════════════════════════════════════╗╭─────────────────────────────────────────────────────╮ │
│ ╭──────────────────────────────────────────╮  ║ createExpense: Expense!                            ║│mutation createExpense($input: CreateExpenseInput!) {│ │
│ │ [1] Search: filter operations...         │  ║                                                     ║│  createExpense(input: $input)                       │ │
│ ╰──────────────────────────────────────────╯  ║   [✖] amount Int!                                 ║│}                                                    │ │
│ 1/1 operations                                ║    └─╭──────────────────╮                           ║│                                                     │ │
│  mutation                                     ║      │ Int value        │                           ║│                                                     │ │
│  createExpense                               ║      ╰──────────────────╯                           ║│                                                     │ │
│       http://api/gql                          ║      [ ] input.tuitionDetails[0].courseCode String! ║│                                                     │ │
│                                               ║      └─╭──────────────────╮                         ║│                                                     │ │
│                                               ║        │ String value     │                         ║│                                                     │ │
│                                               ║        ╰──────────────────╯                         ║│                                                     │ │
│                                               ║      [ ] input.tuitionDetails[0].creditHours Int    ║│                                                     │ │
│                                               ║Form                                              [2]║│Query                                             [3]│ │
│                                               ╚═════════════════════════════════════════════════════╝╰─────────────────────────────────────────────────────╯ │
│                                               ╭─────────────────────────────────────────────────────╮╭─────────────────────────────────────────────────────╮ │
│                                               │                                                     ││                                                     │ │
│                                               │                                                     ││                                                     │ │
│                                               │                                                     ││                                                     │ │
│                                               │                                                     ││                                                     │ │
│                                               │                                                     ││                                                     │ │
│                                               │                                                     ││                                                     │ │
│                                               │                                                     ││                                                     │ │
│                                               │                                                     ││                                                     │ │
│                                               │                                                     ││                                                     │ │
│                                               │                                                     ││                                                     │ │
│                                               │                                                     ││                                                     │ │
│                                               │                                                     ││                                                     │ │
│                                               │                                                     ││Variables                                         [4]│ │
│                                               │                                                     │╰─────────────────────────────────────────────────────╯ │
│                                               │                                                     │                                                        │
│                                               │                                                     │                        Actions                         │
│                                               │                                                     │                Refresh         ctrl+r                  │
│                                               │                                                     │                Send            ctrl+o                  │
│                                               │                                                     │                Save Query      ctrl+q                  │
│                                               │                                                     │                Save Request    ctrl+x                  │
│                                               │Response                                          [5]│                                                        │
│                                               ╰─────────────────────────────────────────────────────╯                                                        │
│               ↑↓ j/k Ctrl+n/p | G/gg: bottom/top | /: search | Space: toggle | Enter: edit | Tab/Shift+Tab: switch | Ctrl+y: copy | Esc: back                │
╰──────────────────────────────────────────────────────────────────────────────────────────────────────────────────────────────────────────────────────────────╯